exports[`action 1`] = `"{\"type\":\"foo\"}"`;

exports[`action 2`] = `"{"type":"foo","payload":{"bar":"baz"}}"`;
