exports[`init 1`] = `
Object {
  "effect": null,
  "model": Object {
    "children": Object {},
  },
}
`;

exports[`view - initial 1`] = `
"<div class=\"manage\">
        hello from manage :)
      </div>"
`;
