exports[`init 1`] = `"{\"model\":{\"applications\":[],\"ordering\":[],\"orderBy\":{\"column\":\"createdAt\",\"direction\":true},\"children\":{}},\"effect\":[{\"type\":\"fetchApplications\"}]}"`;

exports[`view - initial 1`] = `""<div class="matching">
        <div class="header">
        <h1>HackCampus matching</h1>
        <p>0 finished / 0 total</p>
      </div>
        <div class="listView">
        <table>
          <tr>
            <th>Name</th><th>University</th><th>Gender</th><th>Created ðŸ”¼</th><th>Finished</th>
          </tr>
          
        </table>
      </div>
      </div>""`;
